Microchip MPLAB XC8 Compiler V2.30

Linker command line:

-W-3 --edf=C:\Program Files\Microchip\xc8\v2.30\pic\dat\en_msgs.txt -cn \
  -h+dist/default/production\THE3.X.production.sym \
  --cmf=dist/default/production\THE3.X.production.cmf -z -Q18F8722 \
  -oC:\Users\adess\AppData\Local\Temp\soisx2 --defsym=__MPLAB_BUILD=1 \
  -Mdist/default/production/THE3.X.production.map -E1 -ver=XC8 Compiler \
  --acfsm=1493 -ASTACK=0130h-0F5Fh -pstack=STACK -ACODE=00h-01FFFFh \
  -ACONST=00h-01FFFFh -ASMALLCONST=01000h-010FFhx496 \
  -AMEDIUMCONST=01000h-0FFFFh,011000h-01FFFFh -ACOMRAM=01h-05Fh \
  -AABS1=00h-0F5Fh -ABIGRAM=01h-0F5Fh \
  -ARAM=060h-0FFh,0100h-01FFhx14,0F00h-0F5Fh -ABANK0=060h-0FFh \
  -ABANK1=0100h-01FFh -ABANK2=0200h-02FFh -ABANK3=0300h-03FFh \
  -ABANK4=0400h-04FFh -ABANK5=0500h-05FFh -ABANK6=0600h-06FFh \
  -ABANK7=0700h-07FFh -ABANK8=0800h-08FFh -ABANK9=0900h-09FFh \
  -ABANK10=0A00h-0AFFh -ABANK11=0B00h-0BFFh -ABANK12=0C00h-0CFFh \
  -ABANK13=0D00h-0DFFh -ABANK14=0E00h-0EFFh -ABANK15=0F00h-0F5Fh \
  -ASFR=0F60h-0FFFh -ACONFIG=0300000h-030000Dh -AIDLOC=0200000h-0200007h \
  -AEEDATA=0F00000h-0F003FFh -peeprom_data=EEDATA \
  -preset_vec=00h,intcode=08h,intcodelo,powerup,init -pramtop=01000h \
  -psmallconst=SMALLCONST -pmediumconst=MEDIUMCONST -pconst=CONST \
  -AFARRAM=00h-00h \
  -prdata=COMRAM,nvrram=COMRAM,nvbit=COMRAM,rbss=COMRAM,rbit=COMRAM \
  -pfarbss=FARRAM,fardata=FARRAM,nvFARRAM=FARRAM \
  -pintsave_regs=BIGRAM,bigbss=BIGRAM,bigdata=BIGRAM -pbss=RAM \
  -pidata=CODE,irdata=CODE,ibigdata=CODE,ifardata=CODE -prparam=COMRAM \
  C:\Users\adess\AppData\Local\Temp\soisx8.o \
  dist/default/production\THE3.X.production.o 

Object code version is 3.11

Machine type is 18F8722



                Name                               Link     Load   Length Selector   Space Scale
C:\Users\adess\AppData\Local\Temp\soisx8.o
                idloc                            200000   200000        8        0       5
                config                           300000   300000        E        0       4
                init                                  E        E        4        4       0
                reset_vec                             0        0        4        0       0
dist/default/production\THE3.X.production.o
                intcode                               8        8        6        4       0
                idloc                            200000   200000        8        0       5
                config                           300000   300000        E        0       4
                temp                                 50       50        1        1       1
                text35                             2B2A     2B2A       12        4       0
                text34                             2A42     2A42       2C        4       0
                text33                             1724     1724      3D2        4       0
                text32                             239A     239A       B0        4       0
                text31                             22E6     22E6       B4        4       0
                text30                             28F8     28F8       64        4       0
                text29                             244A     244A       A4        4       0
                intcode_body                       1F6C     1F6C       FA        4       0
                text27                               12       12      BEA        4       0
                text26                             2B18     2B18       12        4       0
                text25                             2A16     2A16       2C        4       0
                text24                             29EA     29EA       2C        4       0
                text23                             269A     269A       86        4       0
                text22                             29B2     29B2       38        4       0
                text21                             2B60     2B60        6        4       0
                text20                             12A8     12A8      47C        4       0
                text19                             1D04     1D04      14E        4       0
                text18                              BFC      BFC      6AC        4       0
                text17                             2066     2066       F0        4       0
                text16                             2A94     2A94       24        4       0
                text15                             1E52     1E52      11A        4       0
                text14                             2610     2610       8A        4       0
                text13                             2156     2156       CA        4       0
                text12                             288A     288A       6E        4       0
                text11                             24EE     24EE       92        4       0
                text10                             2A6E     2A6E       26        4       0
                text9                              1AF6     1AF6      20E        4       0
                text8                              2AF8     2AF8       20        4       0
                text7                              27A2     27A2       7A        4       0
                text6                              2580     2580       90        4       0
                text5                              2AD8     2AD8       20        4       0
                text4                              2B52     2B52        8        4       0
                text3                              281C     281C       6E        4       0
                text2                              2B5A     2B5A        6        4       0
                text1                              2B3C     2B3C        E        4       0
                text0                              2220     2220       C6        4       0
                cstackCOMRAM                         27       27       21        1       1
                cstackBANK1                         120      120       10      100       1
                dataBANK1                           100      100       20      100       1
                dataBANK0                            60       60       56       60       1
                bssBANK0                             B6       B6       40       60       1
                dataCOMRAM                           48       48        8        1       1
                bssCOMRAM                             1        1       26        1       1
                cinit                              2720     2720       82        4       0
                idataBANK1                         2AB8     2AB8       20        4       0
                idataBANK0                         295C     295C       56        4       0
                idataCOMRAM                        2B4A     2B4A        8        4       0

TOTAL           Name                               Link     Load   Length     Space
        CLASS   STACK          

        CLASS   CODE           
                intcode                               8        8        6         0
                init                                  E        E        4         0
                reset_vec                             0        0        4         0
                text35                             2B2A     2B2A       12         0
                text34                             2A42     2A42       2C         0
                text33                             1724     1724      3D2         0
                text32                             239A     239A       B0         0
                text31                             22E6     22E6       B4         0
                text30                             28F8     28F8       64         0
                text29                             244A     244A       A4         0
                intcode_body                       1F6C     1F6C       FA         0
                text27                               12       12      BEA         0
                text26                             2B18     2B18       12         0
                text25                             2A16     2A16       2C         0
                text24                             29EA     29EA       2C         0
                text23                             269A     269A       86         0
                text22                             29B2     29B2       38         0
                text21                             2B60     2B60        6         0
                text20                             12A8     12A8      47C         0
                text19                             1D04     1D04      14E         0
                text18                              BFC      BFC      6AC         0
                text17                             2066     2066       F0         0
                text16                             2A94     2A94       24         0
                text15                             1E52     1E52      11A         0
                text14                             2610     2610       8A         0
                text13                             2156     2156       CA         0
                text12                             288A     288A       6E         0
                text11                             24EE     24EE       92         0
                text10                             2A6E     2A6E       26         0
                text9                              1AF6     1AF6      20E         0
                text8                              2AF8     2AF8       20         0
                text7                              27A2     27A2       7A         0
                text6                              2580     2580       90         0
                text5                              2AD8     2AD8       20         0
                text4                              2B52     2B52        8         0
                text3                              281C     281C       6E         0
                text2                              2B5A     2B5A        6         0
                text1                              2B3C     2B3C        E         0
                text0                              2220     2220       C6         0
                cinit                              2720     2720       82         0
                idataBANK1                         2AB8     2AB8       20         0
                idataBANK0                         295C     295C       56         0
                idataCOMRAM                        2B4A     2B4A        8         0

        CLASS   CONST          

        CLASS   SMALLCONST     

        CLASS   MEDIUMCONST    

        CLASS   COMRAM         
                temp                                 50       50        1         1
                cstackCOMRAM                         27       27       21         1
                dataCOMRAM                           48       48        8         1
                bssCOMRAM                             1        1       26         1

        CLASS   ABS1           

        CLASS   BIGRAM         

        CLASS   RAM            

        CLASS   BANK0          
                dataBANK0                            60       60       56         1
                bssBANK0                             B6       B6       40         1

        CLASS   BANK1          
                cstackBANK1                         120      120       10         1
                dataBANK1                           100      100       20         1

        CLASS   BANK2          

        CLASS   BANK3          

        CLASS   BANK4          

        CLASS   BANK5          

        CLASS   BANK6          

        CLASS   BANK7          

        CLASS   BANK8          

        CLASS   BANK9          

        CLASS   BANK10         

        CLASS   BANK11         

        CLASS   BANK12         

        CLASS   BANK13         

        CLASS   BANK14         

        CLASS   BANK15         

        CLASS   SFR            

        CLASS   CONFIG         
                config                           300000   300000        E         4

        CLASS   IDLOC          
                idloc                            200000   200000        8         5

        CLASS   EEDATA         

        CLASS   FARRAM         



SEGMENTS        Name                           Load    Length   Top    Selector   Space  Class

                reset_vec                      000000  000004  000004         0       0  CODE    
                bssCOMRAM                      000001  000050  000051         1       1  COMRAM  
                intcode                        000008  002B5E  002B66         4       0  CODE    
                dataBANK0                      000060  000096  0000F6        60       1  BANK0   
                dataBANK1                      000100  000030  000130       100       1  BANK1   


UNUSED ADDRESS RANGES

        Name                Unused          Largest block    Delta
        BANK0            0000F6-0000FF                A
        BANK1            000130-0001FF               D0
        BANK10           000A00-000AFF              100
        BANK11           000B00-000BFF              100
        BANK12           000C00-000CFF              100
        BANK13           000D00-000DFF              100
        BANK14           000E00-000EFF              100
        BANK15           000F00-000F5F               60
        BANK2            000200-0002FF              100
        BANK3            000300-0003FF              100
        BANK4            000400-0004FF              100
        BANK5            000500-0005FF              100
        BANK6            000600-0006FF              100
        BANK7            000700-0007FF              100
        BANK8            000800-0008FF              100
        BANK9            000900-0009FF              100
        BIGRAM           000051-00005F                F
                         0000F6-0000FF                A
                         000130-000F5F              E30
        CODE             000004-000007                4
                         002B66-01FFFF            1D49A
        COMRAM           000051-00005F                F
        CONST            000004-000007                4
                         002B66-01FFFF            1D49A
        EEDATA           F00000-F003FF              400
        MEDIUMCONST      002B66-00FFFF             D49A
                         011000-01FFFF             F000
        RAM              0000F6-0000FF                A
                         000130-000F5F              100
        SFR              000F60-000FFF               A0
        SMALLCONST       002B66-01FFFF              100
        STACK            000130-000F5F              E30

                                  Symbol Table

?___awmod                              cstackCOMRAM 000027
?_re4_pressed                          cstackCOMRAM 000033
ADCtoLCD@adcVal                        cstackCOMRAM 000028
ADCtoLCD@i                             cstackCOMRAM 00002D
ADCtoLCD@i_725                         cstackCOMRAM 00002F
CDM@i                                  cstackBANK1  000120
CDM@i_810                              cstackBANK1  000122
CDM@i_811                              cstackBANK1  000124
CDM@i_812                              cstackBANK1  000126
CDM@i_813                              cstackBANK1  000128
CDM@i_814                              cstackBANK1  00012A
CDM@i_815                              cstackBANK1  00012C
CDM@i_816                              cstackBANK1  00012E
CMDledTask@bitStatus                   cstackCOMRAM 000037
CMDledTask@i                           cstackCOMRAM 000035
CMDledTask@j                           cstackCOMRAM 000038
LcdCmd@cmd                             cstackCOMRAM 000033
LcdData@data                           cstackCOMRAM 000033
TSM@i                                  cstackCOMRAM 00003F
TSM@i_764                              cstackCOMRAM 000043
TSM@i_765                              cstackCOMRAM 000045
TSM@i_766                              cstackCOMRAM 000041
TSM@temp                               cstackCOMRAM 000047
_ADCON0                                (abs)        000FC2
_ADCON1                                (abs)        000FC1
_ADCON2                                (abs)        000FC0
_ADCtoLCD                              text33       001724
_ADIF                                  (abs)        007CF6
_ADRESH                                (abs)        000FC4
_ADRESL                                (abs)        000FC3
_CDM                                   text20       0012A8
_CDMcoordHelper                        text19       001D04
_CDMpressCheck                         text16       002A94
_CMDledTask                            text27       000012
_GODONE                                (abs)        007E11
_INTCONbits                            (abs)        000FF2
_InitLCD                               text7        0027A2
_LATA                                  (abs)        000F89
_LATB                                  (abs)        000F8A
_LATB2                                 (abs)        007C52
_LATB5                                 (abs)        007C55
_LATC                                  (abs)        000F8B
_LATD                                  (abs)        000F8C
_LATE                                  (abs)        000F8D
_LATF                                  (abs)        000F8E
_LATG                                  (abs)        000F8F
_LATH                                  (abs)        000F90
_LATJ                                  (abs)        000F91
_LCDdisplay                            text18       000BFC
_LcdClear                              text8        002AF8
_LcdCmd                                text25       002A16
_LcdData                               text24       0029EA
_PORTA                                 (abs)        000F80
_PORTAbits                             (abs)        000F80
_PORTB                                 (abs)        000F81
_PORTBbits                             (abs)        000F81
_PORTC                                 (abs)        000F82
_PORTCbits                             (abs)        000F82
_PORTD                                 (abs)        000F83
_PORTDbits                             (abs)        000F83
_PORTE                                 (abs)        000F84
_PORTEbits                             (abs)        000F84
_PORTF                                 (abs)        000F85
_PORTG                                 (abs)        000F86
_PORTH                                 (abs)        000F87
_PORTJ                                 (abs)        000F88
_PREDEFINED                            dataBANK0    000060
_Pulse                                 text26       002B18
_SSEGMENT_NUMBERS_GLYPHS               dataBANK1    000110
_T0CON                                 (abs)        000FD5
_TEMpressCheck                         text13       002156
_TMR0                                  (abs)        000FD6
_TRISA                                 (abs)        000F92
_TRISB                                 (abs)        000F93
_TRISC                                 (abs)        000F94
_TRISD                                 (abs)        000F95
_TRISE                                 (abs)        000F96
_TRISF                                 (abs)        000F97
_TRISG                                 (abs)        000F98
_TRISH                                 (abs)        000F99
_TRISJ                                 (abs)        000F9A
_TSM                                   text9        001AF6
__HRAM                                 (abs)        000000
__Habs1                                abs1         000000
__Hbank0                               bank0        000000
__Hbank1                               bank1        000000
__Hbank10                              bank10       000000
__Hbank11                              bank11       000000
__Hbank12                              bank12       000000
__Hbank13                              bank13       000000
__Hbank14                              bank14       000000
__Hbank15                              bank15       000000
__Hbank2                               bank2        000000
__Hbank3                               bank3        000000
__Hbank4                               bank4        000000
__Hbank5                               bank5        000000
__Hbank6                               bank6        000000
__Hbank7                               bank7        000000
__Hbank8                               bank8        000000
__Hbank9                               bank9        000000
__Hbigbss                              bigbss       000000
__Hbigdata                             bigdata      000000
__Hbigram                              bigram       000000
__Hbss                                 bss          000000
__HbssBANK0                            bssBANK0     000000
__HbssCOMRAM                           bssCOMRAM    000000
__Hcinit                               cinit        000000
__Hclrtext                             clrtext      000000
__Hcomram                              comram       000000
__Hconfig                              config       30000E
__Hconst                               const        000000
__HcstackBANK1                         cstackBANK1  000000
__HcstackCOMRAM                        cstackCOMRAM 000000
__Hdata                                data         000000
__HdataBANK0                           dataBANK0    000000
__HdataBANK1                           dataBANK1    000000
__HdataCOMRAM                          dataCOMRAM   000000
__Heeprom_data                         eeprom_data  000000
__Hfarbss                              farbss       000000
__Hfardata                             fardata      000000
__Hibigdata                            ibigdata     000000
__Hidata                               idata        000000
__HidataBANK0                          idataBANK0   000000
__HidataBANK1                          idataBANK1   000000
__HidataCOMRAM                         idataCOMRAM  000000
__Hidloc                               idloc        200008
__Hifardata                            ifardata     000000
__Hinit                                init         000012
__Hintcode                             intcode      00000E
__Hintcode_body                        intcode_body 000000
__Hintcodelo                           intcodelo    00000E
__Hintentry                            intentry     000000
__Hintret                              intret       000000
__Hintsave_regs                        intsave_regs 000000
__Hirdata                              irdata       000000
__Hmediumconst                         mediumconst  000000
__HnvFARRAM                            nvFARRAM     000000
__Hnvbit                               nvbit        000000
__Hnvrram                              nvrram       000000
__Hparam                               rparam       000000
__Hpowerup                             powerup      00000E
__Hram                                 ram          000000
__Hramtop                              ramtop       001000
__Hrbit                                rbit         000000
__Hrbss                                rbss         000000
__Hrdata                               rdata        000000
__Hreset_vec                           reset_vec    000004
__Hrparam                              rparam       000000
__Hsfr                                 sfr          000000
__Hsmallconst                          smallconst   000000
__Hspace_0                             (abs)        002B66
__Hspace_1                             (abs)        000130
__Hspace_2                             (abs)        000000
__Hspace_4                             (abs)        60000E
__Hstack                               stack        000000
__Hstruct                              struct       000000
__Htemp                                temp         000051
__Htext                                text         000000
__Htext0                               text0        000000
__Htext1                               text1        000000
__Htext10                              text10       000000
__Htext11                              text11       000000
__Htext12                              text12       000000
__Htext13                              text13       000000
__Htext14                              text14       000000
__Htext15                              text15       000000
__Htext16                              text16       000000
__Htext17                              text17       000000
__Htext18                              text18       000000
__Htext19                              text19       000000
__Htext2                               text2        000000
__Htext20                              text20       000000
__Htext21                              text21       000000
__Htext22                              text22       000000
__Htext23                              text23       000000
__Htext24                              text24       000000
__Htext25                              text25       000000
__Htext26                              text26       000000
__Htext27                              text27       000000
__Htext29                              text29       000000
__Htext3                               text3        000000
__Htext30                              text30       000000
__Htext31                              text31       000000
__Htext32                              text32       000000
__Htext33                              text33       000000
__Htext34                              text34       000000
__Htext35                              text35       000000
__Htext4                               text4        000000
__Htext5                               text5        000000
__Htext6                               text6        000000
__Htext7                               text7        000000
__Htext8                               text8        000000
__Htext9                               text9        000000
__LRAM                                 (abs)        000001
__Labs1                                abs1         000000
__Lbank0                               bank0        000000
__Lbank1                               bank1        000000
__Lbank10                              bank10       000000
__Lbank11                              bank11       000000
__Lbank12                              bank12       000000
__Lbank13                              bank13       000000
__Lbank14                              bank14       000000
__Lbank15                              bank15       000000
__Lbank2                               bank2        000000
__Lbank3                               bank3        000000
__Lbank4                               bank4        000000
__Lbank5                               bank5        000000
__Lbank6                               bank6        000000
__Lbank7                               bank7        000000
__Lbank8                               bank8        000000
__Lbank9                               bank9        000000
__Lbigbss                              bigbss       000000
__Lbigdata                             bigdata      000000
__Lbigram                              bigram       000000
__Lbss                                 bss          000000
__LbssBANK0                            bssBANK0     000000
__LbssCOMRAM                           bssCOMRAM    000000
__Lcinit                               cinit        000000
__Lclrtext                             clrtext      000000
__Lcomram                              comram       000000
__Lconfig                              config       000000
__Lconst                               const        000000
__LcstackBANK1                         cstackBANK1  000000
__LcstackCOMRAM                        cstackCOMRAM 000000
__Ldata                                data         000000
__LdataBANK0                           dataBANK0    000000
__LdataBANK1                           dataBANK1    000000
__LdataCOMRAM                          dataCOMRAM   000000
__Leeprom_data                         eeprom_data  000000
__Lfarbss                              farbss       000000
__Lfardata                             fardata      000000
__Libigdata                            ibigdata     000000
__Lidata                               idata        000000
__LidataBANK0                          idataBANK0   000000
__LidataBANK1                          idataBANK1   000000
__LidataCOMRAM                         idataCOMRAM  000000
__Lidloc                               idloc        000000
__Lifardata                            ifardata     000000
__Linit                                init         00000E
__Lintcode                             intcode      000008
__Lintcode_body                        intcode_body 000000
__Lintcodelo                           intcodelo    00000E
__Lintentry                            intentry     000000
__Lintret                              intret       000000
__Lintsave_regs                        intsave_regs 000000
__Lirdata                              irdata       000000
__Lmediumconst                         mediumconst  000000
__LnvFARRAM                            nvFARRAM     000000
__Lnvbit                               nvbit        000000
__Lnvrram                              nvrram       000000
__Lparam                               rparam       000000
__Lpowerup                             powerup      00000E
__Lram                                 ram          000000
__Lramtop                              ramtop       001000
__Lrbit                                rbit         000000
__Lrbss                                rbss         000000
__Lrdata                               rdata        000000
__Lreset_vec                           reset_vec    000000
__Lrparam                              rparam       000000
__Lsfr                                 sfr          000000
__Lsmallconst                          smallconst   000000
__Lspace_0                             (abs)        000000
__Lspace_1                             (abs)        000000
__Lspace_2                             (abs)        000000
__Lspace_4                             (abs)        000000
__Lstack                               stack        000000
__Lstruct                              struct       000000
__Ltemp                                temp         000050
__Ltext                                text         000000
__Ltext0                               text0        000000
__Ltext1                               text1        000000
__Ltext10                              text10       000000
__Ltext11                              text11       000000
__Ltext12                              text12       000000
__Ltext13                              text13       000000
__Ltext14                              text14       000000
__Ltext15                              text15       000000
__Ltext16                              text16       000000
__Ltext17                              text17       000000
__Ltext18                              text18       000000
__Ltext19                              text19       000000
__Ltext2                               text2        000000
__Ltext20                              text20       000000
__Ltext21                              text21       000000
__Ltext22                              text22       000000
__Ltext23                              text23       000000
__Ltext24                              text24       000000
__Ltext25                              text25       000000
__Ltext26                              text26       000000
__Ltext27                              text27       000000
__Ltext29                              text29       000000
__Ltext3                               text3        000000
__Ltext30                              text30       000000
__Ltext31                              text31       000000
__Ltext32                              text32       000000
__Ltext33                              text33       000000
__Ltext34                              text34       000000
__Ltext35                              text35       000000
__Ltext4                               text4        000000
__Ltext5                               text5        000000
__Ltext6                               text6        000000
__Ltext7                               text7        000000
__Ltext8                               text8        000000
__Ltext9                               text9        000000
__S0                                   (abs)        002B66
__S1                                   (abs)        000130
__S2                                   (abs)        000000
__S4                                   (abs)        000000
__S5                                   (abs)        000000
___awmod                               text32       00239A
___awmod@counter                       cstackCOMRAM 00002B
___awmod@dividend                      cstackCOMRAM 000027
___awmod@divisor                       cstackCOMRAM 000029
___awmod@sign                          cstackCOMRAM 00002C
___extmem_base                         (abs)        020000
___inthi_sp                            stack        000000
___intlo_sp                            stack        000000
___param_bank                          (abs)        000000
___rparam_used                         (abs)        000001
___sp                                  stack        000000
__accesstop                            (abs)        000060
__activetblptr                         (abs)        000003
__end_of_ADCtoLCD                      text33       001AF6
__end_of_CDM                           text20       001724
__end_of_CDMcoordHelper                text19       001E52
__end_of_CDMpressCheck                 text16       002AB8
__end_of_CMDledTask                    text27       000BFC
__end_of_InitLCD                       text7        00281C
__end_of_LCDdisplay                    text18       0012A8
__end_of_LcdClear                      text8        002B18
__end_of_LcdCmd                        text25       002A42
__end_of_LcdData                       text24       002A16
__end_of_Pulse                         text26       002B2A
__end_of_TEMpressCheck                 text13       002220
__end_of_TSM                           text9        001D04
__end_of___awmod                       text32       00244A
__end_of__initialization               cinit        002798
__end_of_customChange                  text15       001F6C
__end_of_init                          text6        002610
__end_of_init_CDM_mode                 text5        002AF8
__end_of_init_irq                      text4        002B5A
__end_of_init_ports                    text3        00288A
__end_of_input_task                    text23       002720
__end_of_isr                           intcode_body 002066
__end_of_leftRotate                    text12       0028F8
__end_of_leftRotateArray               text11       002580
__end_of_main                          text0        0022E6
__end_of_modeChange                    text17       002156
__end_of_predefinedChange              text14       00269A
__end_of_re4_pressed                   text22       0029EA
__end_of_set_custom_num_seven_segment  text31       00239A
__end_of_set_xCoord_seven_segment      text30       00295C
__end_of_set_yCoord_seven_segment      text29       0024EE
__end_of_startRE0and3                  text21       002B66
__end_of_stopInput                     text10       002A94
__end_of_stopRE0and3                   text2        002B60
__end_of_tmr0_init                     text1        002B4A
__end_ofi2_LcdCmd                      text34       002A6E
__end_ofi2_Pulse                       text35       002B3C
__initialization                       cinit        002720
__mediumconst                          mediumconst  000000
__pbssBANK0                            bssBANK0     0000B6
__pbssCOMRAM                           bssCOMRAM    000001
__pcinit                               cinit        002720
__pcstackBANK1                         cstackBANK1  000120
__pcstackCOMRAM                        cstackCOMRAM 000027
__pdataBANK0                           dataBANK0    000060
__pdataBANK1                           dataBANK1    000100
__pdataCOMRAM                          dataCOMRAM   000048
__pidataBANK0                          idataBANK0   00295C
__pidataBANK1                          idataBANK1   002AB8
__pidataCOMRAM                         idataCOMRAM  002B4A
__pintcode                             intcode      000008
__pintcode_body                        intcode_body 001F6C
__ptext0                               text0        002220
__ptext1                               text1        002B3C
__ptext10                              text10       002A6E
__ptext11                              text11       0024EE
__ptext12                              text12       00288A
__ptext13                              text13       002156
__ptext14                              text14       002610
__ptext15                              text15       001E52
__ptext16                              text16       002A94
__ptext17                              text17       002066
__ptext18                              text18       000BFC
__ptext19                              text19       001D04
__ptext2                               text2        002B5A
__ptext20                              text20       0012A8
__ptext21                              text21       002B60
__ptext22                              text22       0029B2
__ptext23                              text23       00269A
__ptext24                              text24       0029EA
__ptext25                              text25       002A16
__ptext26                              text26       002B18
__ptext27                              text27       000012
__ptext29                              text29       00244A
__ptext3                               text3        00281C
__ptext30                              text30       0028F8
__ptext31                              text31       0022E6
__ptext32                              text32       00239A
__ptext33                              text33       001724
__ptext34                              text34       002A42
__ptext35                              text35       002B2A
__ptext4                               text4        002B52
__ptext5                               text5        002AD8
__ptext6                               text6        002580
__ptext7                               text7        0027A2
__ptext8                               text8        002AF8
__ptext9                               text9        001AF6
__ramtop                               ramtop       001000
__size_of_ADCtoLCD                     (abs)        000000
__size_of_CDM                          (abs)        000000
__size_of_CDMcoordHelper               (abs)        000000
__size_of_CDMpressCheck                (abs)        000000
__size_of_CMDledTask                   (abs)        000000
__size_of_InitLCD                      (abs)        000000
__size_of_LCDdisplay                   (abs)        000000
__size_of_LcdClear                     (abs)        000000
__size_of_LcdCmd                       (abs)        000000
__size_of_LcdData                      (abs)        000000
__size_of_Pulse                        (abs)        000000
__size_of_TEMpressCheck                (abs)        000000
__size_of_TSM                          (abs)        000000
__size_of___awmod                      (abs)        000000
__size_of_customChange                 (abs)        000000
__size_of_init                         (abs)        000000
__size_of_init_CDM_mode                (abs)        000000
__size_of_init_irq                     (abs)        000000
__size_of_init_ports                   (abs)        000000
__size_of_input_task                   (abs)        000000
__size_of_isr                          (abs)        000000
__size_of_leftRotate                   (abs)        000000
__size_of_leftRotateArray              (abs)        000000
__size_of_main                         (abs)        000000
__size_of_modeChange                   (abs)        000000
__size_of_predefinedChange             (abs)        000000
__size_of_re4_pressed                  (abs)        000000
__size_of_set_custom_num_seven_segment (abs)        000000
__size_of_set_xCoord_seven_segment     (abs)        000000
__size_of_set_yCoord_seven_segment     (abs)        000000
__size_of_startRE0and3                 (abs)        000000
__size_of_stopInput                    (abs)        000000
__size_of_stopRE0and3                  (abs)        000000
__size_of_tmr0_init                    (abs)        000000
__size_ofi2_LcdCmd                     (abs)        000000
__size_ofi2_Pulse                      (abs)        000000
__smallconst                           smallconst   000000
_adcReadFlag                           bssCOMRAM    000015
_adcVal                                bssCOMRAM    000017
_charmap                               bssBANK0     0000B6
_check                                 bssCOMRAM    000001
_currentLedIndex                       bssCOMRAM    000011
_customArrayInfo                       dataBANK0    000086
_customChange                          text15       001E52
_customCharCount                       bssCOMRAM    00000D
_customCharInsert                      bssCOMRAM    000007
_customNum                             bssCOMRAM    000020
_digit                                 bssCOMRAM    000013
_dummyCount                            bssCOMRAM    000003
_fullHeart                             dataCOMRAM   000048
_init                                  text6        002580
_init_CDM_mode                         text5        002AD8
_init_irq                              text4        002B52
_init_ports                            text3        00281C
_inp_re0_btn_st                        bssCOMRAM    000026
_inp_re1_btn_st                        bssCOMRAM    000025
_inp_re2_btn_st                        bssCOMRAM    000024
_inp_re3_btn_st                        bssCOMRAM    000023
_inp_re4_btn_st                        bssCOMRAM    000022
_inp_re5_btn_st                        bssCOMRAM    000021
_input_task                            text23       00269A
_interruptCountTMR0                    bssCOMRAM    000019
_isAtTheEdge                           bssCOMRAM    000005
_isFirstArrive                         bssCOMRAM    000009
_isr                                   intcode      000008
_lcdChars                              dataBANK0    0000A6
_ledIndex                              bssCOMRAM    00001D
_leftRotate                            text12       00288A
_leftRotateArray                       text11       0024EE
_main                                  text0        002220
_mode                                  bssCOMRAM    00000B
_modeChange                            text17       002066
_ms30WaitedFlag                        bssCOMRAM    00001B
_ms500WaitedFlag                       bssCOMRAM    00001C
_preLetterCount                        bssCOMRAM    00000F
_predefinedChange                      text14       002610
_re4_pressed                           text22       0029B2
_set_custom_num_seven_segment          text31       0022E6
_set_xCoord_seven_segment              text30       0028F8
_set_yCoord_seven_segment              text29       00244A
_startRE0and3                          text21       002B60
_stopInput                             text10       002A6E
_stopRE0and3                           text2        002B5A
_tempChars                             dataBANK1    000100
_tmr0_init                             text1        002B3C
_xCoord                                bssCOMRAM    00001F
_yCoord                                bssCOMRAM    00001E
btemp                                  temp         000050
end_of_initialization                  cinit        002798
i2LcdCmd@cmd                           cstackCOMRAM 000027
i2_LcdCmd                              text34       002A42
i2_Pulse                               text35       002B2A
init@i                                 cstackCOMRAM 00003A
init@j                                 cstackCOMRAM 00003B
int$flags                              temp         000050
int_func                               intcode_body 001F6C
intlevel0                              text         000000
intlevel1                              text         000000
intlevel2                              text         000000
intlevel3                              text         000000
leftRotate@j                           cstackCOMRAM 000038
leftRotate@lcdChars                    cstackCOMRAM 000033
leftRotate@temp                        cstackCOMRAM 000037
leftRotateArray@customArrayInfo        cstackCOMRAM 000033
leftRotateArray@j                      cstackCOMRAM 00003B
leftRotateArray@temp                   cstackCOMRAM 000039
modeChange@i                           cstackCOMRAM 000035
modeChange@temp                        cstackCOMRAM 000034
stackhi                                (abs)        000F5F
stacklo                                (abs)        000130
start                                  init         00000E
start_initialization                   cinit        002720
ttemp5                                 temp         000051
ttemp6                                 temp         000054
ttemp7                                 temp         000058
wtemp8                                 temp         000051


FUNCTION INFORMATION:

 *************** function _main *****************
 Defined at:
		line 1297 in file "the3.c"
 Parameters:    Size  Location     Type
		None
 Auto vars:     Size  Location     Type
		None
 Return value:  Size  Location     Type
                  1    wreg      void 
 Registers used:
		wreg, fsr1l, fsr1h, fsr2l, fsr2h, status,2, status,0, prodl, prodh, cstack
 Tracked objects:
		On entry : 
		On exit  : 
		Unchanged: 
 Data sizes:     COMRAM   BANK0   BANK1   BANK2   BANK3   BANK4   BANK5   BANK6   BANK7   BANK8   BANK9  BANK10  BANK11  BANK12  BANK13  BANK14  BANK15
      Params:         0       0       0       0       0       0       0       0       0       0       0       0       0       0       0       0       0
      Locals:         0       0       0       0       0       0       0       0       0       0       0       0       0       0       0       0       0
      Temps:          0       0       0       0       0       0       0       0       0       0       0       0       0       0       0       0       0
      Totals:         0       0       0       0       0       0       0       0       0       0       0       0       0       0       0       0       0
Total ram usage:        0 bytes
 Hardware stack levels required when called:    9
 This function calls:
		_CDM
		_CDMcoordHelper
		_CDMpressCheck
		_TEMpressCheck
		_TSM
		_init
		_init_CDM_mode
		_init_irq
		_init_ports
		_input_task
		_startRE0and3
		_stopRE0and3
		_tmr0_init
 This function is called by:
		Startup code after reset
 This function uses a non-reentrant model


 *************** function _tmr0_init *****************
 Defined at:
		line 387 in file "the3.c"
 Parameters:    Size  Location     Type
		None
 Auto vars:     Size  Location     Type
		None
 Return value:  Size  Location     Type
                  1    wreg      void 
 Registers used:
		wreg, status,2
 Tracked objects:
		On entry : 
		On exit  : 
		Unchanged: 
 Data sizes:     COMRAM   BANK0   BANK1   BANK2   BANK3   BANK4   BANK5   BANK6   BANK7   BANK8   BANK9  BANK10  BANK11  BANK12  BANK13  BANK14  BANK15
      Params:         0       0       0       0       0       0       0       0       0       0       0       0       0       0       0       0       0
      Locals:         0       0       0       0       0       0       0       0       0       0       0       0       0       0       0       0       0
      Temps:          0       0       0       0       0       0       0       0       0       0       0       0       0       0       0       0       0
      Totals:         0       0       0       0       0       0       0       0       0       0       0       0       0       0       0       0       0
Total ram usage:        0 bytes
 Hardware stack levels used:    1
 Hardware stack levels required when called:    4
 This function calls:
		Nothing
 This function is called by:
		_main
 This function uses a non-reentrant model


 *************** function _stopRE0and3 *****************
 Defined at:
		line 1276 in file "the3.c"
 Parameters:    Size  Location     Type
		None
 Auto vars:     Size  Location     Type
		None
 Return value:  Size  Location     Type
                  1    wreg      void 
 Registers used:
		wreg, status,2
 Tracked objects:
		On entry : 
		On exit  : 
		Unchanged: 
 Data sizes:     COMRAM   BANK0   BANK1   BANK2   BANK3   BANK4   BANK5   BANK6   BANK7   BANK8   BANK9  BANK10  BANK11  BANK12  BANK13  BANK14  BANK15
      Params:         0       0       0       0       0       0       0       0       0       0       0       0       0       0       0       0       0
      Locals:         0       0       0       0       0       0       0       0       0       0       0       0       0       0       0       0       0
      Temps:          0       0       0       0       0       0       0       0       0       0       0       0       0       0       0       0       0
      Totals:         0       0       0       0       0       0       0       0       0       0       0       0       0       0       0       0       0
Total ram usage:        0 bytes
 Hardware stack levels used:    1
 Hardware stack levels required when called:    4
 This function calls:
		Nothing
 This function is called by:
		_main
 This function uses a non-reentrant model


 *************** function _init_ports *****************
 Defined at:
		line 442 in file "the3.c"
 Parameters:    Size  Location     Type
		None
 Auto vars:     Size  Location     Type
		None
 Return value:  Size  Location     Type
                  1    wreg      void 
 Registers used:
		wreg, status,2
 Tracked objects:
		On entry : 
		On exit  : 
		Unchanged: 
 Data sizes:     COMRAM   BANK0   BANK1   BANK2   BANK3   BANK4   BANK5   BANK6   BANK7   BANK8   BANK9  BANK10  BANK11  BANK12  BANK13  BANK14  BANK15
      Params:         0       0       0       0       0       0       0       0       0       0       0       0       0       0       0       0       0
      Locals:         0       0       0       0       0       0       0       0       0       0       0       0       0       0       0       0       0
      Temps:          0       0       0       0       0       0       0       0       0       0       0       0       0       0       0       0       0
      Totals:         0       0       0       0       0       0       0       0       0       0       0       0       0       0       0       0       0
Total ram usage:        0 bytes
 Hardware stack levels used:    1
 Hardware stack levels required when called:    4
 This function calls:
		Nothing
 This function is called by:
		_main
 This function uses a non-reentrant model


 *************** function _init_irq *****************
 Defined at:
		line 380 in file "the3.c"
 Parameters:    Size  Location     Type
		None
 Auto vars:     Size  Location     Type
		None
 Return value:  Size  Location     Type
                  1    wreg      void 
 Registers used:
		None
 Tracked objects:
		On entry : 
		On exit  : 
		Unchanged: 
 Data sizes:     COMRAM   BANK0   BANK1   BANK2   BANK3   BANK4   BANK5   BANK6   BANK7   BANK8   BANK9  BANK10  BANK11  BANK12  BANK13  BANK14  BANK15
      Params:         0       0       0       0       0       0       0       0       0       0       0       0       0       0       0       0       0
      Locals:         0       0       0       0       0       0       0       0       0       0       0       0       0       0       0       0       0
      Temps:          0       0       0       0       0       0       0       0       0       0       0       0       0       0       0       0       0
      Totals:         0       0       0       0       0       0       0       0       0       0       0       0       0       0       0       0       0
Total ram usage:        0 bytes
 Hardware stack levels used:    1
 Hardware stack levels required when called:    4
 This function calls:
		Nothing
 This function is called by:
		_main
 This function uses a non-reentrant model


 *************** function _init_CDM_mode *****************
 Defined at:
		line 980 in file "the3.c"
 Parameters:    Size  Location     Type
		None
 Auto vars:     Size  Location     Type
		None
 Return value:  Size  Location     Type
                  1    wreg      void 
 Registers used:
		wreg, status,2, status,0, cstack
 Tracked objects:
		On entry : 
		On exit  : 
		Unchanged: 
 Data sizes:     COMRAM   BANK0   BANK1   BANK2   BANK3   BANK4   BANK5   BANK6   BANK7   BANK8   BANK9  BANK10  BANK11  BANK12  BANK13  BANK14  BANK15
      Params:         0       0       0       0       0       0       0       0       0       0       0       0       0       0       0       0       0
      Locals:         0       0       0       0       0       0       0       0       0       0       0       0       0       0       0       0       0
      Temps:          0       0       0       0       0       0       0       0       0       0       0       0       0       0       0       0       0
      Totals:         0       0       0       0       0       0       0       0       0       0       0       0       0       0       0       0       0
Total ram usage:        0 bytes
 Hardware stack levels used:    1
 Hardware stack levels required when called:    8
 This function calls:
		_InitLCD
		_LcdClear
		_LcdCmd
 This function is called by:
		_main
 This function uses a non-reentrant model


 *************** function _init *****************
 Defined at:
		line 399 in file "the3.c"
 Parameters:    Size  Location     Type
		None
 Auto vars:     Size  Location     Type
  j               1   20[COMRAM] unsigned char 
  i               1   19[COMRAM] unsigned char 
 Return value:  Size  Location     Type
                  1    wreg      void 
 Registers used:
		wreg, fsr2l, fsr2h, status,2, status,0, prodl, prodh, cstack
 Tracked objects:
		On entry : 
		On exit  : 
		Unchanged: 
 Data sizes:     COMRAM   BANK0   BANK1   BANK2   BANK3   BANK4   BANK5   BANK6   BANK7   BANK8   BANK9  BANK10  BANK11  BANK12  BANK13  BANK14  BANK15
      Params:         0       0       0       0       0       0       0       0       0       0       0       0       0       0       0       0       0
      Locals:         2       0       0       0       0       0       0       0       0       0       0       0       0       0       0       0       0
      Temps:          2       0       0       0       0       0       0       0       0       0       0       0       0       0       0       0       0
      Totals:         4       0       0       0       0       0       0       0       0       0       0       0       0       0       0       0       0
Total ram usage:        4 bytes
 Hardware stack levels used:    1
 Hardware stack levels required when called:    8
 This function calls:
		_InitLCD
		_LcdCmd
 This function is called by:
		_main
 This function uses a non-reentrant model


 *************** function _InitLCD *****************
 Defined at:
		line 12 in file "lcd.c"
 Parameters:    Size  Location     Type
		None
 Auto vars:     Size  Location     Type
		None
 Return value:  Size  Location     Type
                  1    wreg      void 
 Registers used:
		wreg, status,2, status,0, cstack
 Tracked objects:
		On entry : 
		On exit  : 
		Unchanged: 
 Data sizes:     COMRAM   BANK0   BANK1   BANK2   BANK3   BANK4   BANK5   BANK6   BANK7   BANK8   BANK9  BANK10  BANK11  BANK12  BANK13  BANK14  BANK15
      Params:         0       0       0       0       0       0       0       0       0       0       0       0       0       0       0       0       0
      Locals:         0       0       0       0       0       0       0       0       0       0       0       0       0       0       0       0       0
      Temps:          2       0       0       0       0       0       0       0       0       0       0       0       0       0       0       0       0
      Totals:         2       0       0       0       0       0       0       0       0       0       0       0       0       0       0       0       0
Total ram usage:        2 bytes
 Hardware stack levels used:    1
 Hardware stack levels required when called:    7
 This function calls:
		_LcdClear
		_LcdCmd
		_Pulse
 This function is called by:
		_init
		_init_CDM_mode
 This function uses a non-reentrant model


 *************** function _LcdClear *****************
 Defined at:
		line 77 in file "lcd.c"
 Parameters:    Size  Location     Type
		None
 Auto vars:     Size  Location     Type
		None
 Return value:  Size  Location     Type
                  1    wreg      void 
 Registers used:
		wreg, status,2, status,0, cstack
 Tracked objects:
		On entry : 
		On exit  : 
		Unchanged: 
 Data sizes:     COMRAM   BANK0   BANK1   BANK2   BANK3   BANK4   BANK5   BANK6   BANK7   BANK8   BANK9  BANK10  BANK11  BANK12  BANK13  BANK14  BANK15
      Params:         0       0       0       0       0       0       0       0       0       0       0       0       0       0       0       0       0
      Locals:         0       0       0       0       0       0       0       0       0       0       0       0       0       0       0       0       0
      Temps:          2       0       0       0       0       0       0       0       0       0       0       0       0       0       0       0       0
      Totals:         2       0       0       0       0       0       0       0       0       0       0       0       0       0       0       0       0
Total ram usage:        2 bytes
 Hardware stack levels used:    1
 Hardware stack levels required when called:    6
 This function calls:
		_LcdCmd
 This function is called by:
		_InitLCD
		_init_CDM_mode
 This function uses a non-reentrant model


 *************** function _TSM *****************
 Defined at:
		line 914 in file "the3.c"
 Parameters:    Size  Location     Type
		None
 Auto vars:     Size  Location     Type
  i               2   26[COMRAM] int 
  i               2   30[COMRAM] int 
  i               2   28[COMRAM] int 
  i               2   24[COMRAM] int 
  temp            1   32[COMRAM] unsigned char 
 Return value:  Size  Location     Type
                  1    wreg      void 
 Registers used:
		wreg, fsr1l, fsr1h, fsr2l, fsr2h, status,2, status,0, cstack
 Tracked objects:
		On entry : 
		On exit  : 
		Unchanged: 
 Data sizes:     COMRAM   BANK0   BANK1   BANK2   BANK3   BANK4   BANK5   BANK6   BANK7   BANK8   BANK9  BANK10  BANK11  BANK12  BANK13  BANK14  BANK15
      Params:         0       0       0       0       0       0       0       0       0       0       0       0       0       0       0       0       0
      Locals:         9       0       0       0       0       0       0       0       0       0       0       0       0       0       0       0       0
      Temps:          2       0       0       0       0       0       0       0       0       0       0       0       0       0       0       0       0
      Totals:        11       0       0       0       0       0       0       0       0       0       0       0       0       0       0       0       0
Total ram usage:       11 bytes
 Hardware stack levels used:    1
 Hardware stack levels required when called:    6
 This function calls:
		_LcdCmd
		_LcdData
		_leftRotate
		_leftRotateArray
		_stopInput
 This function is called by:
		_main
 This function uses a non-reentrant model


 *************** function _stopInput *****************
 Defined at:
		line 429 in file "the3.c"
 Parameters:    Size  Location     Type
		None
 Auto vars:     Size  Location     Type
		None
 Return value:  Size  Location     Type
                  1    wreg      void 
 Registers used:
		wreg, status,2
 Tracked objects:
		On entry : 
		On exit  : 
		Unchanged: 
 Data sizes:     COMRAM   BANK0   BANK1   BANK2   BANK3   BANK4   BANK5   BANK6   BANK7   BANK8   BANK9  BANK10  BANK11  BANK12  BANK13  BANK14  BANK15
      Params:         0       0       0       0       0       0       0       0       0       0       0       0       0       0       0       0       0
      Locals:         0       0       0       0       0       0       0       0       0       0       0       0       0       0       0       0       0
      Temps:          0       0       0       0       0       0       0       0       0       0       0       0       0       0       0       0       0
      Totals:         0       0       0       0       0       0       0       0       0       0       0       0       0       0       0       0       0
Total ram usage:        0 bytes
 Hardware stack levels used:    1
 Hardware stack levels required when called:    4
 This function calls:
		Nothing
 This function is called by:
		_TSM
 This function uses a non-reentrant model


 *************** function _leftRotateArray *****************
 Defined at:
		line 154 in file "the3.c"
 Parameters:    Size  Location     Type
  customArrayI    2   12[COMRAM] PTR int 
		 -> customArrayInfo(32), 
 Auto vars:     Size  Location     Type
  j               2   20[COMRAM] int 
  temp            2   18[COMRAM] int 
 Return value:  Size  Location     Type
                  2   12[COMRAM] PTR int 
 Registers used:
		wreg, fsr1l, fsr1h, fsr2l, fsr2h, status,2, status,0
 Tracked objects:
		On entry : 
		On exit  : 
		Unchanged: 
 Data sizes:     COMRAM   BANK0   BANK1   BANK2   BANK3   BANK4   BANK5   BANK6   BANK7   BANK8   BANK9  BANK10  BANK11  BANK12  BANK13  BANK14  BANK15
      Params:         2       0       0       0       0       0       0       0       0       0       0       0       0       0       0       0       0
      Locals:         4       0       0       0       0       0       0       0       0       0       0       0       0       0       0       0       0
      Temps:          4       0       0       0       0       0       0       0       0       0       0       0       0       0       0       0       0
      Totals:        10       0       0       0       0       0       0       0       0       0       0       0       0       0       0       0       0
Total ram usage:       10 bytes
 Hardware stack levels used:    1
 Hardware stack levels required when called:    4
 This function calls:
		Nothing
 This function is called by:
		_TSM
 This function uses a non-reentrant model


 *************** function _leftRotate *****************
 Defined at:
		line 138 in file "the3.c"
 Parameters:    Size  Location     Type
  lcdChars        2   12[COMRAM] PTR unsigned char 
		 -> lcdChars(16), 
 Auto vars:     Size  Location     Type
  j               2   17[COMRAM] int 
  temp            1   16[COMRAM] unsigned char 
 Return value:  Size  Location     Type
                  2   12[COMRAM] PTR unsigned char 
 Registers used:
		wreg, fsr1l, fsr1h, fsr2l, fsr2h, status,2, status,0
 Tracked objects:
		On entry : 
		On exit  : 
		Unchanged: 
 Data sizes:     COMRAM   BANK0   BANK1   BANK2   BANK3   BANK4   BANK5   BANK6   BANK7   BANK8   BANK9  BANK10  BANK11  BANK12  BANK13  BANK14  BANK15
      Params:         2       0       0       0       0       0       0       0       0       0       0       0       0       0       0       0       0
      Locals:         3       0       0       0       0       0       0       0       0       0       0       0       0       0       0       0       0
      Temps:          2       0       0       0       0       0       0       0       0       0       0       0       0       0       0       0       0
      Totals:         7       0       0       0       0       0       0       0       0       0       0       0       0       0       0       0       0
Total ram usage:        7 bytes
 Hardware stack levels used:    1
 Hardware stack levels required when called:    4
 This function calls:
		Nothing
 This function is called by:
		_TSM
 This function uses a non-reentrant model


 *************** function _TEMpressCheck *****************
 Defined at:
		line 503 in file "the3.c"
 Parameters:    Size  Location     Type
		None
 Auto vars:     Size  Location     Type
		None
 Return value:  Size  Location     Type
                  1    wreg      void 
 Registers used:
		wreg, fsr1l, fsr1h, fsr2l, fsr2h, status,2, status,0, cstack
 Tracked objects:
		On entry : 
		On exit  : 
		Unchanged: 
 Data sizes:     COMRAM   BANK0   BANK1   BANK2   BANK3   BANK4   BANK5   BANK6   BANK7   BANK8   BANK9  BANK10  BANK11  BANK12  BANK13  BANK14  BANK15
      Params:         0       0       0       0       0       0       0       0       0       0       0       0       0       0       0       0       0
      Locals:         0       0       0       0       0       0       0       0       0       0       0       0       0       0       0       0       0
      Temps:          0       0       0       0       0       0       0       0       0       0       0       0       0       0       0       0       0
      Totals:         0       0       0       0       0       0       0       0       0       0       0       0       0       0       0       0       0
Total ram usage:        0 bytes
 Hardware stack levels used:    1
 Hardware stack levels required when called:    8
 This function calls:
		_customChange
		_modeChange
		_predefinedChange
 This function is called by:
		_main
 This function uses a non-reentrant model


 *************** function _predefinedChange *****************
 Defined at:
		line 631 in file "the3.c"
 Parameters:    Size  Location     Type
		None
 Auto vars:     Size  Location     Type
		None
 Return value:  Size  Location     Type
                  1    wreg      void 
 Registers used:
		wreg, fsr1l, fsr1h, fsr2l, fsr2h, status,2, status,0, cstack
 Tracked objects:
		On entry : 
		On exit  : 
		Unchanged: 
 Data sizes:     COMRAM   BANK0   BANK1   BANK2   BANK3   BANK4   BANK5   BANK6   BANK7   BANK8   BANK9  BANK10  BANK11  BANK12  BANK13  BANK14  BANK15
      Params:         0       0       0       0       0       0       0       0       0       0       0       0       0       0       0       0       0
      Locals:         0       0       0       0       0       0       0       0       0       0       0       0       0       0       0       0       0
      Temps:          0       0       0       0       0       0       0       0       0       0       0       0       0       0       0       0       0
      Totals:         0       0       0       0       0       0       0       0       0       0       0       0       0       0       0       0       0
Total ram usage:        0 bytes
 Hardware stack levels used:    1
 Hardware stack levels required when called:    7
 This function calls:
		_LCDdisplay
 This function is called by:
		_TEMpressCheck
 This function uses a non-reentrant model


 *************** function _customChange *****************
 Defined at:
		line 519 in file "the3.c"
 Parameters:    Size  Location     Type
		None
 Auto vars:     Size  Location     Type
		None
 Return value:  Size  Location     Type
                  1    wreg      void 
 Registers used:
		wreg, fsr1l, fsr1h, fsr2l, fsr2h, status,2, status,0, cstack
 Tracked objects:
		On entry : 
		On exit  : 
		Unchanged: 
 Data sizes:     COMRAM   BANK0   BANK1   BANK2   BANK3   BANK4   BANK5   BANK6   BANK7   BANK8   BANK9  BANK10  BANK11  BANK12  BANK13  BANK14  BANK15
      Params:         0       0       0       0       0       0       0       0       0       0       0       0       0       0       0       0       0
      Locals:         0       0       0       0       0       0       0       0       0       0       0       0       0       0       0       0       0
      Temps:          4       0       0       0       0       0       0       0       0       0       0       0       0       0       0       0       0
      Totals:         4       0       0       0       0       0       0       0       0       0       0       0       0       0       0       0       0
Total ram usage:        4 bytes
 Hardware stack levels used:    1
 Hardware stack levels required when called:    7
 This function calls:
		_LCDdisplay
 This function is called by:
		_TEMpressCheck
 This function uses a non-reentrant model


 *************** function _CDMpressCheck *****************
 Defined at:
		line 571 in file "the3.c"
 Parameters:    Size  Location     Type
		None
 Auto vars:     Size  Location     Type
		None
 Return value:  Size  Location     Type
                  1    wreg      void 
 Registers used:
		wreg, fsr1l, fsr1h, fsr2l, fsr2h, status,2, status,0, cstack
 Tracked objects:
		On entry : 
		On exit  : 
		Unchanged: 
 Data sizes:     COMRAM   BANK0   BANK1   BANK2   BANK3   BANK4   BANK5   BANK6   BANK7   BANK8   BANK9  BANK10  BANK11  BANK12  BANK13  BANK14  BANK15
      Params:         0       0       0       0       0       0       0       0       0       0       0       0       0       0       0       0       0
      Locals:         0       0       0       0       0       0       0       0       0       0       0       0       0       0       0       0       0
      Temps:          0       0       0       0       0       0       0       0       0       0       0       0       0       0       0       0       0
      Totals:         0       0       0       0       0       0       0       0       0       0       0       0       0       0       0       0       0
Total ram usage:        0 bytes
 Hardware stack levels used:    1
 Hardware stack levels required when called:    8
 This function calls:
		_modeChange
 This function is called by:
		_main
 This function uses a non-reentrant model


 *************** function _modeChange *****************
 Defined at:
		line 882 in file "the3.c"
 Parameters:    Size  Location     Type
		None
 Auto vars:     Size  Location     Type
  i               2   14[COMRAM] int 
  temp            1   13[COMRAM] unsigned char 
 Return value:  Size  Location     Type
                  1    wreg      void 
 Registers used:
		wreg, fsr1l, fsr1h, fsr2l, fsr2h, status,2, status,0, cstack
 Tracked objects:
		On entry : 
		On exit  : 
		Unchanged: 
 Data sizes:     COMRAM   BANK0   BANK1   BANK2   BANK3   BANK4   BANK5   BANK6   BANK7   BANK8   BANK9  BANK10  BANK11  BANK12  BANK13  BANK14  BANK15
      Params:         0       0       0       0       0       0       0       0       0       0       0       0       0       0       0       0       0
      Locals:         3       0       0       0       0       0       0       0       0       0       0       0       0       0       0       0       0
      Temps:          0       0       0       0       0       0       0       0       0       0       0       0       0       0       0       0       0
      Totals:         3       0       0       0       0       0       0       0       0       0       0       0       0       0       0       0       0
Total ram usage:        3 bytes
 Hardware stack levels used:    1
 Hardware stack levels required when called:    7
 This function calls:
		_LCDdisplay
		_LcdCmd
		_LcdData
 This function is called by:
		_TEMpressCheck
		_CDMpressCheck
 This function uses a non-reentrant model


 *************** function _LCDdisplay *****************
 Defined at:
		line 662 in file "the3.c"
 Parameters:    Size  Location     Type
		None
 Auto vars:     Size  Location     Type
		None
 Return value:  Size  Location     Type
                  1    wreg      void 
 Registers used:
		wreg, fsr1l, fsr1h, fsr2l, fsr2h, status,2, status,0, cstack
 Tracked objects:
		On entry : 
		On exit  : 
		Unchanged: 
 Data sizes:     COMRAM   BANK0   BANK1   BANK2   BANK3   BANK4   BANK5   BANK6   BANK7   BANK8   BANK9  BANK10  BANK11  BANK12  BANK13  BANK14  BANK15
      Params:         0       0       0       0       0       0       0       0       0       0       0       0       0       0       0       0       0
      Locals:         0       0       0       0       0       0       0       0       0       0       0       0       0       0       0       0       0
      Temps:          0       0       0       0       0       0       0       0       0       0       0       0       0       0       0       0       0
      Totals:         0       0       0       0       0       0       0       0       0       0       0       0       0       0       0       0       0
Total ram usage:        0 bytes
 Hardware stack levels used:    1
 Hardware stack levels required when called:    6
 This function calls:
		_LcdCmd
		_LcdData
 This function is called by:
		_customChange
		_predefinedChange
		_modeChange
 This function uses a non-reentrant model


 *************** function _CDMcoordHelper *****************
 Defined at:
		line 579 in file "the3.c"
 Parameters:    Size  Location     Type
		None
 Auto vars:     Size  Location     Type
		None
 Return value:  Size  Location     Type
                  1    wreg      void 
 Registers used:
		wreg, status,2, status,0
 Tracked objects:
		On entry : 
		On exit  : 
		Unchanged: 
 Data sizes:     COMRAM   BANK0   BANK1   BANK2   BANK3   BANK4   BANK5   BANK6   BANK7   BANK8   BANK9  BANK10  BANK11  BANK12  BANK13  BANK14  BANK15
      Params:         0       0       0       0       0       0       0       0       0       0       0       0       0       0       0       0       0
      Locals:         0       0       0       0       0       0       0       0       0       0       0       0       0       0       0       0       0
      Temps:          2       0       0       0       0       0       0       0       0       0       0       0       0       0       0       0       0
      Totals:         2       0       0       0       0       0       0       0       0       0       0       0       0       0       0       0       0
Total ram usage:        2 bytes
 Hardware stack levels used:    1
 Hardware stack levels required when called:    4
 This function calls:
		Nothing
 This function is called by:
		_main
 This function uses a non-reentrant model


 *************** function _CDM *****************
 Defined at:
		line 1171 in file "the3.c"
 Parameters:    Size  Location     Type
		None
 Auto vars:     Size  Location     Type
  i               2   14[BANK1 ] int 
  i               2   12[BANK1 ] int 
  i               2   10[BANK1 ] int 
  i               2    8[BANK1 ] int 
  i               2    6[BANK1 ] int 
  i               2    4[BANK1 ] int 
  i               2    2[BANK1 ] int 
  i               2    0[BANK1 ] int 
 Return value:  Size  Location     Type
                  1    wreg      void 
 Registers used:
		wreg, fsr2l, fsr2h, status,2, status,0, prodl, prodh, cstack
 Tracked objects:
		On entry : 
		On exit  : 
		Unchanged: 
 Data sizes:     COMRAM   BANK0   BANK1   BANK2   BANK3   BANK4   BANK5   BANK6   BANK7   BANK8   BANK9  BANK10  BANK11  BANK12  BANK13  BANK14  BANK15
      Params:         0       0       0       0       0       0       0       0       0       0       0       0       0       0       0       0       0
      Locals:         0       0      16       0       0       0       0       0       0       0       0       0       0       0       0       0       0
      Temps:          4       0       0       0       0       0       0       0       0       0       0       0       0       0       0       0       0
      Totals:         4       0      16       0       0       0       0       0       0       0       0       0       0       0       0       0       0
Total ram usage:       20 bytes
 Hardware stack levels used:    1
 Hardware stack levels required when called:    6
 This function calls:
		_CMDledTask
		_LcdCmd
		_LcdData
		_input_task
		_re4_pressed
		_startRE0and3
 This function is called by:
		_main
 This function uses a non-reentrant model


 *************** function _startRE0and3 *****************
 Defined at:
		line 1281 in file "the3.c"
 Parameters:    Size  Location     Type
		None
 Auto vars:     Size  Location     Type
		None
 Return value:  Size  Location     Type
                  1    wreg      void 
 Registers used:
		wreg, status,2
 Tracked objects:
		On entry : 
		On exit  : 
		Unchanged: 
 Data sizes:     COMRAM   BANK0   BANK1   BANK2   BANK3   BANK4   BANK5   BANK6   BANK7   BANK8   BANK9  BANK10  BANK11  BANK12  BANK13  BANK14  BANK15
      Params:         0       0       0       0       0       0       0       0       0       0       0       0       0       0       0       0       0
      Locals:         0       0       0       0       0       0       0       0       0       0       0       0       0       0       0       0       0
      Temps:          0       0       0       0       0       0       0       0       0       0       0       0       0       0       0       0       0
      Totals:         0       0       0       0       0       0       0       0       0       0       0       0       0       0       0       0       0
Total ram usage:        0 bytes
 Hardware stack levels used:    1
 Hardware stack levels required when called:    4
 This function calls:
		Nothing
 This function is called by:
		_CDM
		_main
 This function uses a non-reentrant model


 *************** function _re4_pressed *****************
 Defined at:
		line 992 in file "the3.c"
 Parameters:    Size  Location     Type
		None
 Auto vars:     Size  Location     Type
		None
 Return value:  Size  Location     Type
                  2   12[COMRAM] int 
 Registers used:
		wreg, status,2
 Tracked objects:
		On entry : 
		On exit  : 
		Unchanged: 
 Data sizes:     COMRAM   BANK0   BANK1   BANK2   BANK3   BANK4   BANK5   BANK6   BANK7   BANK8   BANK9  BANK10  BANK11  BANK12  BANK13  BANK14  BANK15
[...]
Total ram usage:        0 bytes
 Hardware stack levels used:    1
 Hardware stack levels required when called:    4
 This function calls:
		Nothing
 This function is called by:
		_CDM
		_main
 This function uses a non-reentrant model


 *************** function _LcdData *****************
 Defined at:
		line 51 in file "lcd.c"
 Parameters:    Size  Location     Type
  data            1    wreg     unsigned char 
 Auto vars:     Size  Location     Type
  data            1   12[COMRAM] unsigned char 
 Return value:  Size  Location     Type
                  1    wreg      void 
 Registers used:
		wreg, status,2, status,0, cstack
 Tracked objects:
		On entry : 
		On exit  : 
		Unchanged: 
 Data sizes:     COMRAM   BANK0   BANK1   BANK2   BANK3   BANK4   BANK5   BANK6   BANK7   BANK8   BANK9  BANK10  BANK11  BANK12  BANK13  BANK14  BANK15
      Params:         0       0       0       0       0       0       0       0       0       0       0       0       0       0       0       0       0
      Locals:         1       0       0       0       0       0       0       0       0       0       0       0       0       0       0       0       0
      Temps:          0       0       0       0       0       0       0       0       0       0       0       0       0       0       0       0       0
      Totals:         1       0       0       0       0       0       0       0       0       0       0       0       0       0       0       0       0
Total ram usage:        1 bytes
 Hardware stack levels used:    1
 Hardware stack levels required when called:    5
 This function calls:
		_Pulse
 This function is called by:
		_LCDdisplay
		_modeChange
		_TSM
		_CDM
		_CreateChar
		_LcdStr
 This function uses a non-reentrant model


 *************** function _LcdCmd *****************
 Defined at:
		line 34 in file "lcd.c"
 Parameters:    Size  Location     Type
  cmd             1    wreg     unsigned char 
 Auto vars:     Size  Location     Type
  cmd             1   12[COMRAM] unsigned char 
 Return value:  Size  Location     Type
                  1    wreg      void 
 Registers used:
		wreg, status,2, status,0, cstack
 Tracked objects:
		On entry : 
		On exit  : 
		Unchanged: 
 Data sizes:     COMRAM   BANK0   BANK1   BANK2   BANK3   BANK4   BANK5   BANK6   BANK7   BANK8   BANK9  BANK10  BANK11  BANK12  BANK13  BANK14  BANK15
      Params:         0       0       0       0       0       0       0       0       0       0       0       0       0       0       0       0       0
      Locals:         1       0       0       0       0       0       0       0       0       0       0       0       0       0       0       0       0
      Temps:          0       0       0       0       0       0       0       0       0       0       0       0       0       0       0       0       0
      Totals:         1       0       0       0       0       0       0       0       0       0       0       0       0       0       0       0       0
Total ram usage:        1 bytes
 Hardware stack levels used:    1
 Hardware stack levels required when called:    5
 This function calls:
		_Pulse
 This function is called by:
		_InitLCD
		_LcdClear
		_init
		_LCDdisplay
		_modeChange
		_TSM
		_init_CDM_mode
		_CDM
		_CreateChar
 This function uses a non-reentrant model


 *************** function _Pulse *****************
 Defined at:
		line 5 in file "lcd.c"
 Parameters:    Size  Location     Type
		None
 Auto vars:     Size  Location     Type
		None
 Return value:  Size  Location     Type
                  1    wreg      void 
 Registers used:
		wreg
 Tracked objects:
		On entry : 
		On exit  : 
		Unchanged: 
 Data sizes:     COMRAM   BANK0   BANK1   BANK2   BANK3   BANK4   BANK5   BANK6   BANK7   BANK8   BANK9  BANK10  BANK11  BANK12  BANK13  BANK14  BANK15
      Params:         0       0       0       0       0       0       0       0       0       0       0       0       0       0       0       0       0
      Locals:         0       0       0       0       0       0       0       0       0       0       0       0       0       0       0       0       0
      Temps:          0       0       0       0       0       0       0       0       0       0       0       0       0       0       0       0       0
      Totals:         0       0       0       0       0       0       0       0       0       0       0       0       0       0       0       0       0
Total ram usage:        0 bytes
 Hardware stack levels used:    1
 Hardware stack levels required when called:    4
 This function calls:
		Nothing
 This function is called by:
		_InitLCD
		_LcdCmd
		_LcdData
 This function uses a non-reentrant model


 *************** function _CMDledTask *****************
 Defined at:
		line 1005 in file "the3.c"
 Parameters:    Size  Location     Type
		None
 Auto vars:     Size  Location     Type
  j               2   17[COMRAM] int 
  i               2   14[COMRAM] int 
  bitStatus       1   16[COMRAM] unsigned char 
 Return value:  Size  Location     Type
                  1    wreg      void 
 Registers used:
		wreg, fsr2l, fsr2h, status,2, status,0, prodl, prodh
 Tracked objects:
		On entry : 
		On exit  : 
		Unchanged: 
 Data sizes:     COMRAM   BANK0   BANK1   BANK2   BANK3   BANK4   BANK5   BANK6   BANK7   BANK8   BANK9  BANK10  BANK11  BANK12  BANK13  BANK14  BANK15
      Params:         0       0       0       0       0       0       0       0       0       0       0       0       0       0       0       0       0
      Locals:         5       0       0       0       0       0       0       0       0       0       0       0       0       0       0       0       0
      Temps:          2       0       0       0       0       0       0       0       0       0       0       0       0       0       0       0       0
      Totals:         7       0       0       0       0       0       0       0       0       0       0       0       0       0       0       0       0
Total ram usage:        7 bytes
 Hardware stack levels used:    1
 Hardware stack levels required when called:    4
 This function calls:
		Nothing
 This function is called by:
		_CDM
 This function uses a non-reentrant model


 *************** function _isr *****************
 Defined at:
		line 170 in file "the3.c"
 Parameters:    Size  Location     Type
		None
 Auto vars:     Size  Location     Type
		None
 Return value:  Size  Location     Type
                  1    wreg      void 
 Registers used:
		wreg, status,2, status,0, cstack
 Tracked objects:
		On entry : 
		On exit  : 
		Unchanged: 
 Data sizes:     COMRAM   BANK0   BANK1   BANK2   BANK3   BANK4   BANK5   BANK6   BANK7   BANK8   BANK9  BANK10  BANK11  BANK12  BANK13  BANK14  BANK15
      Params:         0       0       0       0       0       0       0       0       0       0       0       0       0       0       0       0       0
      Locals:         0       0       0       0       0       0       0       0       0       0       0       0       0       0       0       0       0
      Temps:          2       0       0       0       0       0       0       0       0       0       0       0       0       0       0       0       0
      Totals:         2       0       0       0       0       0       0       0       0       0       0       0       0       0       0       0       0
Total ram usage:        2 bytes
 Hardware stack levels used:    1
 Hardware stack levels required when called:    3
 This function calls:
		_ADCtoLCD
		___awmod
		_set_custom_num_seven_segment
		_set_xCoord_seven_segment
		_set_yCoord_seven_segment
 This function is called by:
		Interrupt level 2
 This function uses a non-reentrant model


 *************** function _set_yCoord_seven_segment *****************
 Defined at:
		line 225 in file "the3.c"
 Parameters:    Size  Location     Type
		None
 Auto vars:     Size  Location     Type
		None
 Return value:  Size  Location     Type
                  1    wreg      void 
 Registers used:
		wreg, status,2, status,0
 Tracked objects:
		On entry : 
		On exit  : 
		Unchanged: 
 Data sizes:     COMRAM   BANK0   BANK1   BANK2   BANK3   BANK4   BANK5   BANK6   BANK7   BANK8   BANK9  BANK10  BANK11  BANK12  BANK13  BANK14  BANK15
      Params:         0       0       0       0       0       0       0       0       0       0       0       0       0       0       0       0       0
      Locals:         0       0       0       0       0       0       0       0       0       0       0       0       0       0       0       0       0
      Temps:          2       0       0       0       0       0       0       0       0       0       0       0       0       0       0       0       0
      Totals:         2       0       0       0       0       0       0       0       0       0       0       0       0       0       0       0       0
Total ram usage:        2 bytes
 Hardware stack levels used:    1
 This function calls:
		Nothing
 This function is called by:
		_isr
 This function uses a non-reentrant model


 *************** function _set_xCoord_seven_segment *****************
 Defined at:
		line 205 in file "the3.c"
 Parameters:    Size  Location     Type
		None
 Auto vars:     Size  Location     Type
		None
 Return value:  Size  Location     Type
                  1    wreg      void 
 Registers used:
		wreg, status,2, status,0
 Tracked objects:
		On entry : 
		On exit  : 
		Unchanged: 
 Data sizes:     COMRAM   BANK0   BANK1   BANK2   BANK3   BANK4   BANK5   BANK6   BANK7   BANK8   BANK9  BANK10  BANK11  BANK12  BANK13  BANK14  BANK15
      Params:         0       0       0       0       0       0       0       0       0       0       0       0       0       0       0       0       0
      Locals:         0       0       0       0       0       0       0       0       0       0       0       0       0       0       0       0       0
      Temps:          2       0       0       0       0       0       0       0       0       0       0       0       0       0       0       0       0
      Totals:         2       0       0       0       0       0       0       0       0       0       0       0       0       0       0       0       0
Total ram usage:        2 bytes
 Hardware stack levels used:    1
 This function calls:
		Nothing
 This function is called by:
		_isr
 This function uses a non-reentrant model


 *************** function _set_custom_num_seven_segment *****************
 Defined at:
		line 257 in file "the3.c"
 Parameters:    Size  Location     Type
		None
 Auto vars:     Size  Location     Type
		None
 Return value:  Size  Location     Type
                  1    wreg      void 
 Registers used:
		wreg, status,2, status,0
 Tracked objects:
		On entry : 
		On exit  : 
		Unchanged: 
 Data sizes:     COMRAM   BANK0   BANK1   BANK2   BANK3   BANK4   BANK5   BANK6   BANK7   BANK8   BANK9  BANK10  BANK11  BANK12  BANK13  BANK14  BANK15
      Params:         0       0       0       0       0       0       0       0       0       0       0       0       0       0       0       0       0
      Locals:         0       0       0       0       0       0       0       0       0       0       0       0       0       0       0       0       0
      Temps:          2       0       0       0       0       0       0       0       0       0       0       0       0       0       0       0       0
      Totals:         2       0       0       0       0       0       0       0       0       0       0       0       0       0       0       0       0
Total ram usage:        2 bytes
 Hardware stack levels used:    1
 This function calls:
		Nothing
 This function is called by:
		_isr
 This function uses a non-reentrant model


 *************** function ___awmod *****************
 Defined at:
		line 7 in file "C:\Program Files\Microchip\xc8\v2.30\pic\sources\c99\common\awmod.c"
 Parameters:    Size  Location     Type
  dividend        2    0[COMRAM] int 
  divisor         2    2[COMRAM] int 
 Auto vars:     Size  Location     Type
  sign            1    5[COMRAM] unsigned char 
  counter         1    4[COMRAM] unsigned char 
 Return value:  Size  Location     Type
                  2    0[COMRAM] int 
 Registers used:
		wreg, status,2, status,0
 Tracked objects:
		On entry : 
		On exit  : 
		Unchanged: 
 Data sizes:     COMRAM   BANK0   BANK1   BANK2   BANK3   BANK4   BANK5   BANK6   BANK7   BANK8   BANK9  BANK10  BANK11  BANK12  BANK13  BANK14  BANK15
      Params:         4       0       0       0       0       0       0       0       0       0       0       0       0       0       0       0       0
      Locals:         2       0       0       0       0       0       0       0       0       0       0       0       0       0       0       0       0
      Temps:          0       0       0       0       0       0       0       0       0       0       0       0       0       0       0       0       0
      Totals:         6       0       0       0       0       0       0       0       0       0       0       0       0       0       0       0       0
Total ram usage:        6 bytes
 Hardware stack levels used:    1
 This function calls:
		Nothing
 This function is called by:
		_isr
 This function uses a non-reentrant model


 *************** function _ADCtoLCD *****************
 Defined at:
		line 292 in file "the3.c"
 Parameters:    Size  Location     Type
  adcVal          2    1[COMRAM] unsigned short 
 Auto vars:     Size  Location     Type
  i               2    8[COMRAM] int 
  i               2    6[COMRAM] int 
 Return value:  Size  Location     Type
                  1    wreg      void 
 Registers used:
		wreg, status,2, status,0, cstack
 Tracked objects:
		On entry : 
		On exit  : 
		Unchanged: 
 Data sizes:     COMRAM   BANK0   BANK1   BANK2   BANK3   BANK4   BANK5   BANK6   BANK7   BANK8   BANK9  BANK10  BANK11  BANK12  BANK13  BANK14  BANK15
      Params:         2       0       0       0       0       0       0       0       0       0       0       0       0       0       0       0       0
      Locals:         4       0       0       0       0       0       0       0       0       0       0       0       0       0       0       0       0
      Temps:          3       0       0       0       0       0       0       0       0       0       0       0       0       0       0       0       0
      Totals:         9       0       0       0       0       0       0       0       0       0       0       0       0       0       0       0       0
Total ram usage:        9 bytes
 Hardware stack levels used:    1
 Hardware stack levels required when called:    2
 This function calls:
		i2_LcdCmd
 This function is called by:
		_isr
 This function uses a non-reentrant model


 *************** function i2_LcdCmd *****************
 Defined at:
		line 34 in file "lcd.c"
 Parameters:    Size  Location     Type
  cmd             1    wreg     unsigned char 
 Auto vars:     Size  Location     Type
  cmd             1    0[COMRAM] unsigned char 
 Return value:  Size  Location     Type
                  1    wreg      void 
 Registers used:
		wreg, status,2, status,0, cstack
 Tracked objects:
		On entry : 
		On exit  : 
		Unchanged: 
 Data sizes:     COMRAM   BANK0   BANK1   BANK2   BANK3   BANK4   BANK5   BANK6   BANK7   BANK8   BANK9  BANK10  BANK11  BANK12  BANK13  BANK14  BANK15
      Params:         0       0       0       0       0       0       0       0       0       0       0       0       0       0       0       0       0
      Locals:         1       0       0       0       0       0       0       0       0       0       0       0       0       0       0       0       0
      Temps:          0       0       0       0       0       0       0       0       0       0       0       0       0       0       0       0       0
      Totals:         1       0       0       0       0       0       0       0       0       0       0       0       0       0       0       0       0
Total ram usage:        1 bytes
 Hardware stack levels used:    1
 Hardware stack levels required when called:    1
 This function calls:
		i2_Pulse
 This function is called by:
		_ADCtoLCD
 This function uses a non-reentrant model


 *************** function i2_Pulse *****************
 Defined at:
		line 5 in file "lcd.c"
 Parameters:    Size  Location     Type
		None
 Auto vars:     Size  Location     Type
		None
 Return value:  Size  Location     Type
                  1    wreg      void 
 Registers used:
		wreg
 Tracked objects:
		On entry : 
		On exit  : 
		Unchanged: 
 Data sizes:     COMRAM   BANK0   BANK1   BANK2   BANK3   BANK4   BANK5   BANK6   BANK7   BANK8   BANK9  BANK10  BANK11  BANK12  BANK13  BANK14  BANK15
      Params:         0       0       0       0       0       0       0       0       0       0       0       0       0       0       0       0       0
      Locals:         0       0       0       0       0       0       0       0       0       0       0       0       0       0       0       0       0
      Temps:          0       0       0       0       0       0       0       0       0       0       0       0       0       0       0       0       0
      Totals:         0       0       0       0       0       0       0       0       0       0       0       0       0       0       0       0       0
Total ram usage:        0 bytes
 Hardware stack levels used:    1
 This function calls:
		Nothing
 This function is called by:
		i2_LcdCmd
 This function uses a non-reentrant model



MODULE INFORMATION

Module		Function		Class		Link	Load	Size
C:\Program Files\Microchip\xc8\v2.30\pic\sources\c99\common\awmod.c
		___awmod       		CODE           	239A	0000	176

C:\Program Files\Microchip\xc8\v2.30\pic\sources\c99\common\awmod.c estimated size: 176

the3.c
		_init          		CODE           	2580	0000	144
		_TSM           		CODE           	1AF6	0000	526
		_CDMcoordHelper		CODE           	1D04	0000	334
		_set_custom_num_seven_segment		CODE           	22E6	0000	180
		_stopRE0and3   		CODE           	2B5A	0000	6
		_CMDledTask    		CODE           	0012	0000	3050
		_main          		CODE           	2220	0000	198
		_init_ports    		CODE           	281C	0000	110
		_customChange  		CODE           	1E52	0000	282
		_init_CDM_mode 		CODE           	2AD8	0000	32
		_ADCtoLCD      		CODE           	1724	0000	978
		_startRE0and3  		CODE           	2B60	0000	6
		_leftRotateArray		CODE           	24EE	0000	146
		_predefinedChange		CODE           	2610	0000	138
		_LCDdisplay    		CODE           	0BFC	0000	1708
		_CDM           		CODE           	12A8	0000	1148
		_isr           		CODE           	0008	0000	256
		_stopInput     		CODE           	2A6E	0000	38
		_modeChange    		CODE           	2066	0000	240
		_set_xCoord_seven_segment		CODE           	28F8	0000	100
		_CDMpressCheck 		CODE           	2A94	0000	36
		_tmr0_init     		CODE           	2B3C	0000	14
		_re4_pressed   		CODE           	29B2	0000	56
		_leftRotate    		CODE           	288A	0000	110
		_set_yCoord_seven_segment		CODE           	244A	0000	164
		_input_task    		CODE           	269A	0000	134
		_init_irq      		CODE           	2B52	0000	8
		_TEMpressCheck 		CODE           	2156	0000	202

the3.c estimated size: 10344

shared
		__initialization		CODE           	2720	0000	120
		i2_LcdCmd      		CODE           	2A42	0000	44
		i2_Pulse       		CODE           	2B2A	0000	18

shared estimated size: 182

lcd.c
		_LcdClear      		CODE           	2AF8	0000	32
		_LcdCmd        		CODE           	2A16	0000	44
		_Pulse         		CODE           	2B18	0000	18
		_LcdData       		CODE           	29EA	0000	44
		_InitLCD       		CODE           	27A2	0000	122

lcd.c estimated size: 260

